******************************************************************************
                  TI ARM Linker PC v18.1.4                     
******************************************************************************
>> Linked Wed Nov 20 13:52:39 2019

OUTPUT FILE NAME:   <CARRO_FINAL.out>
ENTRY POINT SYMBOL: "_c_int00_noinit_noargs"  address: 00000f99


MEMORY CONFIGURATION

         name            origin    length      used     unused   attr    fill
----------------------  --------  ---------  --------  --------  ----  --------
  FLASH                 00000000   00040000  00000fdc  0003f024  R  X
  SRAM                  20000000   00008000  00000200  00007e00  RW X


SEGMENT ALLOCATION MAP

run origin  load origin   length   init length attrs members
----------  ----------- ---------- ----------- ----- -------
00000000    00000000    00000fdc   00000fdc    r-x
  00000000    00000000    0000026c   0000026c    r-- .intvecs
  0000026c    0000026c    00000d70   00000d70    r-x .text
20000000    20000000    00000200   00000000    rw-
  20000000    20000000    00000200   00000000    rw- .stack


SECTION ALLOCATION MAP

 output                                  attributes/
section   page    origin      length       input sections
--------  ----  ----------  ----------   ----------------
.intvecs   0    00000000    0000026c     
                  00000000    0000026c     tm4c123gh6pm_startup_ccs.obj (.intvecs)

.text      0    0000026c    00000d70     
                  0000026c    00000a2c     main.obj (.text)
                  00000c98    00000300     uart.obj (.text)
                  00000f98    00000030     rtsv7M4_T_le_v4SPD16_eabi.lib : boot_cortex_m.c.obj (.text:_c_int00_noinit_noargs:_c_int00_noinit_noargs)
                  00000fc8    0000000c     tm4c123gh6pm_startup_ccs.obj (.text)
                  00000fd4    00000004     rtsv7M4_T_le_v4SPD16_eabi.lib : pre_init.c.obj (.text:_system_pre_init)
                  00000fd8    00000004                                   : exit.c.obj (.text:abort:abort)

.cinit     0    00000000    00000000     UNINITIALIZED

.init_array 
*          0    00000000    00000000     UNINITIALIZED

.stack     0    20000000    00000200     UNINITIALIZED
                  20000000    00000004     rtsv7M4_T_le_v4SPD16_eabi.lib : boot_cortex_m.c.obj (.stack)
                  20000004    000001fc     --HOLE--

MODULE SUMMARY

       Module                         code   ro data   rw data
       ------                         ----   -------   -------
    .\
       main.obj                       2604   0         0      
       uart.obj                       768    0         0      
       tm4c123gh6pm_startup_ccs.obj   12     620       0      
    +--+------------------------------+------+---------+---------+
       Total:                         3384   620       0      
                                                              
    C:\ti\ccsv8\tools\compiler\ti-cgt-arm_18.1.4.LTS\lib\rtsv7M4_T_le_v4SPD16_eabi.lib
       boot_cortex_m.c.obj            48     0         0      
       exit.c.obj                     4      0         0      
       pre_init.c.obj                 4      0         0      
    +--+------------------------------+------+---------+---------+
       Total:                         56     0         0      
                                                              
       Stack:                         0      0         512    
    +--+------------------------------+------+---------+---------+
       Grand Total:                   3440   620       512    


GLOBAL SYMBOLS: SORTED ALPHABETICALLY BY Name 

address   name                   
-------   ----                   
00000fd9  C$$EXIT                
000002af  ConfiguraPinB          
000002f7  ConfiguraPinC          
0000033f  ConfiguraPinD          
00000387  ConfiguraPinE          
000003cf  ConfiguraPinPWMb4      
0000048f  ConfiguraPinPWMb5      
00000551  ConfiguraUART7         
000005f5  EsperaCadena           
000005d9  EsperaDato             
00000fc9  ResetISR               
00000daf  UART_EsperaCadena      
00000d33  UART_EsperaDato        
00000e51  UART_EsperaNumeroB10   
00000c99  UART_Inicializa        
00000d9f  UART_SiguienteLinea    
00000d4f  UART_SondeaRx          
00000e21  UART_TransmiteCadena   
00000d79  UART_TransmiteDato     
00000ec7  UART_TransmiteNumeroB10
00000413  VelocidadPB4           
000004d3  VelocidadPB5           
20000200  __STACK_END            
00000200  __STACK_SIZE           
20000200  __STACK_TOP            
ffffffff  __TI_pprof_out_hndl    
ffffffff  __TI_prof_data_size    
ffffffff  __TI_prof_data_start   
00000000  __TI_static_base__     
ffffffff  __binit__              
ffffffff  __c_args__             
UNDEFED   __mpu_init             
20000000  __stack                
00000f99  _c_int00_noinit_noargs 
00000fd5  _system_pre_init       
00000fd9  abort                  
ffffffff  binit                  
0000026d  delayms                
00000000  g_pfnVectors           
0000071d  main                   


GLOBAL SYMBOLS: SORTED BY Symbol Address 

address   name                   
-------   ----                   
00000000  __TI_static_base__     
00000000  g_pfnVectors           
00000200  __STACK_SIZE           
0000026d  delayms                
000002af  ConfiguraPinB          
000002f7  ConfiguraPinC          
0000033f  ConfiguraPinD          
00000387  ConfiguraPinE          
000003cf  ConfiguraPinPWMb4      
00000413  VelocidadPB4           
0000048f  ConfiguraPinPWMb5      
000004d3  VelocidadPB5           
00000551  ConfiguraUART7         
000005d9  EsperaDato             
000005f5  EsperaCadena           
0000071d  main                   
00000c99  UART_Inicializa        
00000d33  UART_EsperaDato        
00000d4f  UART_SondeaRx          
00000d79  UART_TransmiteDato     
00000d9f  UART_SiguienteLinea    
00000daf  UART_EsperaCadena      
00000e21  UART_TransmiteCadena   
00000e51  UART_EsperaNumeroB10   
00000ec7  UART_TransmiteNumeroB10
00000f99  _c_int00_noinit_noargs 
00000fc9  ResetISR               
00000fd5  _system_pre_init       
00000fd9  C$$EXIT                
00000fd9  abort                  
20000000  __stack                
20000200  __STACK_END            
20000200  __STACK_TOP            
ffffffff  __TI_pprof_out_hndl    
ffffffff  __TI_prof_data_size    
ffffffff  __TI_prof_data_start   
ffffffff  __binit__              
ffffffff  __c_args__             
ffffffff  binit                  
UNDEFED   __mpu_init             

[40 symbols]
